Archive member included to satisfy reference by file (symbol)

c:/program files (x86)/atmel/studio/7.0/toolchain/avr8/avr8-gnu-toolchain/bin/../lib/gcc/avr/5.4.0/avr5\libgcc.a(_exit.o)
                              C:/Program Files (x86)/Atmel/Studio/7.0/Packs/atmel/ATmega_DFP/1.7.374/gcc/dev/atmega32/avr5/crtatmega32.o (exit)
c:/program files (x86)/atmel/studio/7.0/toolchain/avr8/avr8-gnu-toolchain/bin/../lib/gcc/avr/5.4.0/avr5\libgcc.a(_clear_bss.o)
                              Application/app.o (__do_clear_bss)

Allocating common symbols
Common symbol       size              file

PIN_Value           0x1               Application/app.o

Discarded input sections

 .data          0x00000000        0x0 C:/Program Files (x86)/Atmel/Studio/7.0/Packs/atmel/ATmega_DFP/1.7.374/gcc/dev/atmega32/avr5/crtatmega32.o
 .bss           0x00000000        0x0 C:/Program Files (x86)/Atmel/Studio/7.0/Packs/atmel/ATmega_DFP/1.7.374/gcc/dev/atmega32/avr5/crtatmega32.o
 .text          0x00000000        0x0 Application/app.o
 .data          0x00000000        0x0 Application/app.o
 .bss           0x00000000        0x0 Application/app.o
 .text.app_init
                0x00000000       0x46 Application/app.o
 .text.app_start
                0x00000000       0x92 Application/app.o
 .bss.Led_Number
                0x00000000        0x1 Application/app.o
 .debug_info    0x00000000      0x398 Application/app.o
 .debug_abbrev  0x00000000       0x9a Application/app.o
 .debug_aranges
                0x00000000       0x28 Application/app.o
 .debug_ranges  0x00000000       0x18 Application/app.o
 .debug_line    0x00000000      0x250 Application/app.o
 .debug_str     0x00000000      0x1be Application/app.o
 .comment       0x00000000       0x31 Application/app.o
 .debug_frame   0x00000000       0x34 Application/app.o
 COMMON         0x00000000        0x1 Application/app.o
 .text          0x00000000        0x0 ECUAL/Button Driver/button.o
 .data          0x00000000        0x0 ECUAL/Button Driver/button.o
 .bss           0x00000000        0x0 ECUAL/Button Driver/button.o
 .text.Button_read
                0x00000000        0x6 ECUAL/Button Driver/button.o
 .text          0x00000000        0x0 ECUAL/LED Driver/LED.o
 .data          0x00000000        0x0 ECUAL/LED Driver/LED.o
 .bss           0x00000000        0x0 ECUAL/LED Driver/LED.o
 .text.LED_toggle
                0x00000000        0x6 ECUAL/LED Driver/LED.o
 .text.LED_blink
                0x00000000       0x38 ECUAL/LED Driver/LED.o
 .text.TWO_LED_blink
                0x00000000       0x4c ECUAL/LED Driver/LED.o
 .text          0x00000000        0x0 main.o
 .data          0x00000000        0x0 main.o
 .bss           0x00000000        0x0 main.o
 .text          0x00000000        0x0 MCAL/DIO Driver/dio.o
 .data          0x00000000        0x0 MCAL/DIO Driver/dio.o
 .bss           0x00000000        0x0 MCAL/DIO Driver/dio.o
 .text.Dio_toggle
                0x00000000       0x74 MCAL/DIO Driver/dio.o
 .text.Dio_read
                0x00000000       0xce MCAL/DIO Driver/dio.o
 .text          0x00000000        0x0 MCAL/GIE/GIE.o
 .data          0x00000000        0x0 MCAL/GIE/GIE.o
 .bss           0x00000000        0x0 MCAL/GIE/GIE.o
 .text.GIE_disable
                0x00000000        0x8 MCAL/GIE/GIE.o
 .text          0x00000000        0x0 MCAL/Interrupt Driver/interrupt.o
 .data          0x00000000        0x0 MCAL/Interrupt Driver/interrupt.o
 .bss           0x00000000        0x0 MCAL/Interrupt Driver/interrupt.o
 .text          0x00000000        0x0 MCAL/Timer Driver/timer.o
 .data          0x00000000        0x0 MCAL/Timer Driver/timer.o
 .bss           0x00000000        0x0 MCAL/Timer Driver/timer.o
 .text.Set_timer
                0x00000000        0x6 MCAL/Timer Driver/timer.o
 .text          0x00000000        0x0 c:/program files (x86)/atmel/studio/7.0/toolchain/avr8/avr8-gnu-toolchain/bin/../lib/gcc/avr/5.4.0/avr5\libgcc.a(_exit.o)
 .data          0x00000000        0x0 c:/program files (x86)/atmel/studio/7.0/toolchain/avr8/avr8-gnu-toolchain/bin/../lib/gcc/avr/5.4.0/avr5\libgcc.a(_exit.o)
 .bss           0x00000000        0x0 c:/program files (x86)/atmel/studio/7.0/toolchain/avr8/avr8-gnu-toolchain/bin/../lib/gcc/avr/5.4.0/avr5\libgcc.a(_exit.o)
 .text.libgcc.mul
                0x00000000        0x0 c:/program files (x86)/atmel/studio/7.0/toolchain/avr8/avr8-gnu-toolchain/bin/../lib/gcc/avr/5.4.0/avr5\libgcc.a(_exit.o)
 .text.libgcc.div
                0x00000000        0x0 c:/program files (x86)/atmel/studio/7.0/toolchain/avr8/avr8-gnu-toolchain/bin/../lib/gcc/avr/5.4.0/avr5\libgcc.a(_exit.o)
 .text.libgcc   0x00000000        0x0 c:/program files (x86)/atmel/studio/7.0/toolchain/avr8/avr8-gnu-toolchain/bin/../lib/gcc/avr/5.4.0/avr5\libgcc.a(_exit.o)
 .text.libgcc.prologue
                0x00000000        0x0 c:/program files (x86)/atmel/studio/7.0/toolchain/avr8/avr8-gnu-toolchain/bin/../lib/gcc/avr/5.4.0/avr5\libgcc.a(_exit.o)
 .text.libgcc.builtins
                0x00000000        0x0 c:/program files (x86)/atmel/studio/7.0/toolchain/avr8/avr8-gnu-toolchain/bin/../lib/gcc/avr/5.4.0/avr5\libgcc.a(_exit.o)
 .text.libgcc.fmul
                0x00000000        0x0 c:/program files (x86)/atmel/studio/7.0/toolchain/avr8/avr8-gnu-toolchain/bin/../lib/gcc/avr/5.4.0/avr5\libgcc.a(_exit.o)
 .text.libgcc.fixed
                0x00000000        0x0 c:/program files (x86)/atmel/studio/7.0/toolchain/avr8/avr8-gnu-toolchain/bin/../lib/gcc/avr/5.4.0/avr5\libgcc.a(_exit.o)
 .text          0x00000000        0x0 c:/program files (x86)/atmel/studio/7.0/toolchain/avr8/avr8-gnu-toolchain/bin/../lib/gcc/avr/5.4.0/avr5\libgcc.a(_clear_bss.o)
 .data          0x00000000        0x0 c:/program files (x86)/atmel/studio/7.0/toolchain/avr8/avr8-gnu-toolchain/bin/../lib/gcc/avr/5.4.0/avr5\libgcc.a(_clear_bss.o)
 .bss           0x00000000        0x0 c:/program files (x86)/atmel/studio/7.0/toolchain/avr8/avr8-gnu-toolchain/bin/../lib/gcc/avr/5.4.0/avr5\libgcc.a(_clear_bss.o)
 .text.libgcc.mul
                0x00000000        0x0 c:/program files (x86)/atmel/studio/7.0/toolchain/avr8/avr8-gnu-toolchain/bin/../lib/gcc/avr/5.4.0/avr5\libgcc.a(_clear_bss.o)
 .text.libgcc.div
                0x00000000        0x0 c:/program files (x86)/atmel/studio/7.0/toolchain/avr8/avr8-gnu-toolchain/bin/../lib/gcc/avr/5.4.0/avr5\libgcc.a(_clear_bss.o)
 .text.libgcc   0x00000000        0x0 c:/program files (x86)/atmel/studio/7.0/toolchain/avr8/avr8-gnu-toolchain/bin/../lib/gcc/avr/5.4.0/avr5\libgcc.a(_clear_bss.o)
 .text.libgcc.prologue
                0x00000000        0x0 c:/program files (x86)/atmel/studio/7.0/toolchain/avr8/avr8-gnu-toolchain/bin/../lib/gcc/avr/5.4.0/avr5\libgcc.a(_clear_bss.o)
 .text.libgcc.builtins
                0x00000000        0x0 c:/program files (x86)/atmel/studio/7.0/toolchain/avr8/avr8-gnu-toolchain/bin/../lib/gcc/avr/5.4.0/avr5\libgcc.a(_clear_bss.o)
 .text.libgcc.fmul
                0x00000000        0x0 c:/program files (x86)/atmel/studio/7.0/toolchain/avr8/avr8-gnu-toolchain/bin/../lib/gcc/avr/5.4.0/avr5\libgcc.a(_clear_bss.o)
 .text.libgcc.fixed
                0x00000000        0x0 c:/program files (x86)/atmel/studio/7.0/toolchain/avr8/avr8-gnu-toolchain/bin/../lib/gcc/avr/5.4.0/avr5\libgcc.a(_clear_bss.o)

Memory Configuration

Name             Origin             Length             Attributes
text             0x00000000         0x00008000         xr
data             0x00800060         0x00000800         rw !x
eeprom           0x00810000         0x00000400         rw !x
fuse             0x00820000         0x00000002         rw !x
lock             0x00830000         0x00000400         rw !x
signature        0x00840000         0x00000400         rw !x
user_signatures  0x00850000         0x00000400         rw !x
*default*        0x00000000         0xffffffff

Linker script and memory map

LOAD C:/Program Files (x86)/Atmel/Studio/7.0/Packs/atmel/ATmega_DFP/1.7.374/gcc/dev/atmega32/avr5/crtatmega32.o
LOAD Application/app.o
LOAD ECUAL/Button Driver/button.o
LOAD ECUAL/LED Driver/LED.o
LOAD main.o
LOAD MCAL/DIO Driver/dio.o
LOAD MCAL/GIE/GIE.o
LOAD MCAL/Interrupt Driver/interrupt.o
LOAD MCAL/Timer Driver/timer.o
START GROUP
LOAD c:/program files (x86)/atmel/studio/7.0/toolchain/avr8/avr8-gnu-toolchain/bin/../lib/gcc/avr/5.4.0/../../../../avr/lib/avr5\libm.a
END GROUP
START GROUP
LOAD c:/program files (x86)/atmel/studio/7.0/toolchain/avr8/avr8-gnu-toolchain/bin/../lib/gcc/avr/5.4.0/avr5\libgcc.a
LOAD c:/program files (x86)/atmel/studio/7.0/toolchain/avr8/avr8-gnu-toolchain/bin/../lib/gcc/avr/5.4.0/../../../../avr/lib/avr5\libm.a
LOAD c:/program files (x86)/atmel/studio/7.0/toolchain/avr8/avr8-gnu-toolchain/bin/../lib/gcc/avr/5.4.0/../../../../avr/lib/avr5\libc.a
LOAD C:/Program Files (x86)/Atmel/Studio/7.0/Packs/atmel/ATmega_DFP/1.7.374/gcc/dev/atmega32/avr5\libatmega32.a
END GROUP
                0x00000000                __TEXT_REGION_ORIGIN__ = DEFINED (__TEXT_REGION_ORIGIN__)?__TEXT_REGION_ORIGIN__:0x0
                [0x00800060]                __DATA_REGION_ORIGIN__ = DEFINED (__DATA_REGION_ORIGIN__)?__DATA_REGION_ORIGIN__:0x800060
                [0x00008000]                __TEXT_REGION_LENGTH__ = DEFINED (__TEXT_REGION_LENGTH__)?__TEXT_REGION_LENGTH__:0x20000
                [0x00000800]                __DATA_REGION_LENGTH__ = DEFINED (__DATA_REGION_LENGTH__)?__DATA_REGION_LENGTH__:0xffa0
                [0x00000400]                __EEPROM_REGION_LENGTH__ = DEFINED (__EEPROM_REGION_LENGTH__)?__EEPROM_REGION_LENGTH__:0x10000
                [0x00000002]                __FUSE_REGION_LENGTH__ = DEFINED (__FUSE_REGION_LENGTH__)?__FUSE_REGION_LENGTH__:0x400
                0x00000400                __LOCK_REGION_LENGTH__ = DEFINED (__LOCK_REGION_LENGTH__)?__LOCK_REGION_LENGTH__:0x400
                0x00000400                __SIGNATURE_REGION_LENGTH__ = DEFINED (__SIGNATURE_REGION_LENGTH__)?__SIGNATURE_REGION_LENGTH__:0x400
                0x00000400                __USER_SIGNATURE_REGION_LENGTH__ = DEFINED (__USER_SIGNATURE_REGION_LENGTH__)?__USER_SIGNATURE_REGION_LENGTH__:0x400

.hash
 *(.hash)

.dynsym
 *(.dynsym)

.dynstr
 *(.dynstr)

.gnu.version
 *(.gnu.version)

.gnu.version_d
 *(.gnu.version_d)

.gnu.version_r
 *(.gnu.version_r)

.rel.init
 *(.rel.init)

.rela.init
 *(.rela.init)

.rel.text
 *(.rel.text)
 *(.rel.text.*)
 *(.rel.gnu.linkonce.t*)

.rela.text
 *(.rela.text)
 *(.rela.text.*)
 *(.rela.gnu.linkonce.t*)

.rel.fini
 *(.rel.fini)

.rela.fini
 *(.rela.fini)

.rel.rodata
 *(.rel.rodata)
 *(.rel.rodata.*)
 *(.rel.gnu.linkonce.r*)

.rela.rodata
 *(.rela.rodata)
 *(.rela.rodata.*)
 *(.rela.gnu.linkonce.r*)

.rel.data
 *(.rel.data)
 *(.rel.data.*)
 *(.rel.gnu.linkonce.d*)

.rela.data
 *(.rela.data)
 *(.rela.data.*)
 *(.rela.gnu.linkonce.d*)

.rel.ctors
 *(.rel.ctors)

.rela.ctors
 *(.rela.ctors)

.rel.dtors
 *(.rel.dtors)

.rela.dtors
 *(.rela.dtors)

.rel.got
 *(.rel.got)

.rela.got
 *(.rela.got)

.rel.bss
 *(.rel.bss)

.rela.bss
 *(.rela.bss)

.rel.plt
 *(.rel.plt)

.rela.plt
 *(.rela.plt)

.text           0x00000000      0x380
 *(.vectors)
 .vectors       0x00000000       0x54 C:/Program Files (x86)/Atmel/Studio/7.0/Packs/atmel/ATmega_DFP/1.7.374/gcc/dev/atmega32/avr5/crtatmega32.o
                0x00000000                __vector_default
                0x00000000                __vectors
 *(.vectors)
 *(.progmem.gcc*)
                0x00000054                . = ALIGN (0x2)
                0x00000054                __trampolines_start = .
 *(.trampolines)
 .trampolines   0x00000054        0x0 linker stubs
 *(.trampolines*)
                0x00000054                __trampolines_end = .
 *libprintf_flt.a:*(.progmem.data)
 *libc.a:*(.progmem.data)
 *(.progmem*)
                0x00000054                . = ALIGN (0x2)
 *(.jumptables)
 *(.jumptables*)
 *(.lowtext)
 *(.lowtext*)
                0x00000054                __ctors_start = .
 *(.ctors)
                0x00000054                __ctors_end = .
                0x00000054                __dtors_start = .
 *(.dtors)
                0x00000054                __dtors_end = .
 SORT(*)(.ctors)
 SORT(*)(.dtors)
 *(.init0)
 .init0         0x00000054        0x0 C:/Program Files (x86)/Atmel/Studio/7.0/Packs/atmel/ATmega_DFP/1.7.374/gcc/dev/atmega32/avr5/crtatmega32.o
                0x00000054                __init
 *(.init0)
 *(.init1)
 *(.init1)
 *(.init2)
 .init2         0x00000054        0xc C:/Program Files (x86)/Atmel/Studio/7.0/Packs/atmel/ATmega_DFP/1.7.374/gcc/dev/atmega32/avr5/crtatmega32.o
 *(.init2)
 *(.init3)
 *(.init3)
 *(.init4)
 .init4         0x00000060       0x10 c:/program files (x86)/atmel/studio/7.0/toolchain/avr8/avr8-gnu-toolchain/bin/../lib/gcc/avr/5.4.0/avr5\libgcc.a(_clear_bss.o)
                0x00000060                __do_clear_bss
 *(.init4)
 *(.init5)
 *(.init5)
 *(.init6)
 *(.init6)
 *(.init7)
 *(.init7)
 *(.init8)
 *(.init8)
 *(.init9)
 .init9         0x00000070        0x8 C:/Program Files (x86)/Atmel/Studio/7.0/Packs/atmel/ATmega_DFP/1.7.374/gcc/dev/atmega32/avr5/crtatmega32.o
 *(.init9)
 *(.text)
 .text          0x00000078        0x4 C:/Program Files (x86)/Atmel/Studio/7.0/Packs/atmel/ATmega_DFP/1.7.374/gcc/dev/atmega32/avr5/crtatmega32.o
                0x00000078                __vector_12
                0x00000078                __bad_interrupt
                0x00000078                __vector_6
                0x00000078                __vector_3
                0x00000078                __vector_11
                0x00000078                __vector_13
                0x00000078                __vector_17
                0x00000078                __vector_19
                0x00000078                __vector_7
                0x00000078                __vector_5
                0x00000078                __vector_4
                0x00000078                __vector_9
                0x00000078                __vector_2
                0x00000078                __vector_15
                0x00000078                __vector_8
                0x00000078                __vector_14
                0x00000078                __vector_10
                0x00000078                __vector_16
                0x00000078                __vector_18
                0x00000078                __vector_20
                0x0000007c                . = ALIGN (0x2)
 *(.text.*)
 .text.Button_init
                0x0000007c        0x8 ECUAL/Button Driver/button.o
                0x0000007c                Button_init
 .text.LED_init
                0x00000084        0x8 ECUAL/LED Driver/LED.o
                0x00000084                LED_init
 .text.LED_on   0x0000008c        0x8 ECUAL/LED Driver/LED.o
                0x0000008c                LED_on
 .text.LED_off  0x00000094        0x8 ECUAL/LED Driver/LED.o
                0x00000094                LED_off
 .text.main     0x0000009c       0x3e main.o
                0x0000009c                main
 .text.__vector_1
                0x000000da       0x32 main.o
                0x000000da                __vector_1
 .text.Dio_init
                0x0000010c      0x11a MCAL/DIO Driver/dio.o
                0x0000010c                Dio_init
 .text.Dio_write
                0x00000226      0x116 MCAL/DIO Driver/dio.o
                0x00000226                Dio_write
 .text.GIE_enable
                0x0000033c        0x8 MCAL/GIE/GIE.o
                0x0000033c                GIE_enable
 .text.EXTI_INT0_init
                0x00000344        0xe MCAL/Interrupt Driver/interrupt.o
                0x00000344                EXTI_INT0_init
 .text.Start_timer
                0x00000352       0x26 MCAL/Timer Driver/timer.o
                0x00000352                Start_timer
 .text.Timer_stop
                0x00000378        0x4 MCAL/Timer Driver/timer.o
                0x00000378                Timer_stop
                0x0000037c                . = ALIGN (0x2)
 *(.fini9)
 .fini9         0x0000037c        0x0 c:/program files (x86)/atmel/studio/7.0/toolchain/avr8/avr8-gnu-toolchain/bin/../lib/gcc/avr/5.4.0/avr5\libgcc.a(_exit.o)
                0x0000037c                _exit
                0x0000037c                exit
 *(.fini9)
 *(.fini8)
 *(.fini8)
 *(.fini7)
 *(.fini7)
 *(.fini6)
 *(.fini6)
 *(.fini5)
 *(.fini5)
 *(.fini4)
 *(.fini4)
 *(.fini3)
 *(.fini3)
 *(.fini2)
 *(.fini2)
 *(.fini1)
 *(.fini1)
 *(.fini0)
 .fini0         0x0000037c        0x4 c:/program files (x86)/atmel/studio/7.0/toolchain/avr8/avr8-gnu-toolchain/bin/../lib/gcc/avr/5.4.0/avr5\libgcc.a(_exit.o)
 *(.fini0)
                0x00000380                _etext = .

.data           0x00800060        0x0 load address 0x00000380
                [!provide]                PROVIDE (__data_start, .)
 *(.data)
 *(.data*)
 *(.gnu.linkonce.d*)
 *(.rodata)
 *(.rodata*)
 *(.gnu.linkonce.r*)
                0x00800060                . = ALIGN (0x2)
                0x00800060                _edata = .
                [!provide]                PROVIDE (__data_end, .)

.bss            0x00800060        0x0
                0x00800060                PROVIDE (__bss_start, .)
 *(.bss)
 *(.bss*)
 *(COMMON)
                0x00800060                PROVIDE (__bss_end, .)
                0x00000380                __data_load_start = LOADADDR (.data)
                0x00000380                __data_load_end = (__data_load_start + SIZEOF (.data))

.noinit         0x00800060        0x0
                [!provide]                PROVIDE (__noinit_start, .)
 *(.noinit*)
                [!provide]                PROVIDE (__noinit_end, .)
                0x00800060                _end = .
                [!provide]                PROVIDE (__heap_start, .)

.eeprom         0x00810000        0x0
 *(.eeprom*)
                0x00810000                __eeprom_end = .

.fuse
 *(.fuse)
 *(.lfuse)
 *(.hfuse)
 *(.efuse)

.lock
 *(.lock*)

.signature
 *(.signature*)

.user_signatures
 *(.user_signatures*)

.stab
 *(.stab)

.stabstr
 *(.stabstr)

.stab.excl
 *(.stab.excl)

.stab.exclstr
 *(.stab.exclstr)

.stab.index
 *(.stab.index)

.stab.indexstr
 *(.stab.indexstr)

.comment        0x00000000       0x30
 *(.comment)
 .comment       0x00000000       0x30 ECUAL/Button Driver/button.o
                                 0x31 (size before relaxing)
 .comment       0x00000030       0x31 ECUAL/LED Driver/LED.o
 .comment       0x00000030       0x31 main.o
 .comment       0x00000030       0x31 MCAL/DIO Driver/dio.o
 .comment       0x00000030       0x31 MCAL/GIE/GIE.o
 .comment       0x00000030       0x31 MCAL/Interrupt Driver/interrupt.o
 .comment       0x00000030       0x31 MCAL/Timer Driver/timer.o

.note.gnu.avr.deviceinfo
                0x00000000       0x3c
 .note.gnu.avr.deviceinfo
                0x00000000       0x3c C:/Program Files (x86)/Atmel/Studio/7.0/Packs/atmel/ATmega_DFP/1.7.374/gcc/dev/atmega32/avr5/crtatmega32.o

.note.gnu.build-id
 *(.note.gnu.build-id)

.debug
 *(.debug)

.line
 *(.line)

.debug_srcinfo
 *(.debug_srcinfo)

.debug_sfnames
 *(.debug_sfnames)

.debug_aranges  0x00000000      0x148
 *(.debug_aranges)
 .debug_aranges
                0x00000000       0x28 ECUAL/Button Driver/button.o
 .debug_aranges
                0x00000028       0x48 ECUAL/LED Driver/LED.o
 .debug_aranges
                0x00000070       0x28 main.o
 .debug_aranges
                0x00000098       0x38 MCAL/DIO Driver/dio.o
 .debug_aranges
                0x000000d0       0x28 MCAL/GIE/GIE.o
 .debug_aranges
                0x000000f8       0x20 MCAL/Interrupt Driver/interrupt.o
 .debug_aranges
                0x00000118       0x30 MCAL/Timer Driver/timer.o

.debug_pubnames
 *(.debug_pubnames)

.debug_info     0x00000000      0xe2e
 *(.debug_info .gnu.linkonce.wi.*)
 .debug_info    0x00000000      0x4e6 C:/Program Files (x86)/Atmel/Studio/7.0/Packs/atmel/ATmega_DFP/1.7.374/gcc/dev/atmega32/avr5/crtatmega32.o
 .debug_info    0x000004e6      0x11e ECUAL/Button Driver/button.o
 .debug_info    0x00000604      0x319 ECUAL/LED Driver/LED.o
 .debug_info    0x0000091d      0x21e main.o
 .debug_info    0x00000b3b      0x193 MCAL/DIO Driver/dio.o
 .debug_info    0x00000cce       0x68 MCAL/GIE/GIE.o
 .debug_info    0x00000d36       0x52 MCAL/Interrupt Driver/interrupt.o
 .debug_info    0x00000d88       0xa6 MCAL/Timer Driver/timer.o

.debug_abbrev   0x00000000      0x850
 *(.debug_abbrev)
 .debug_abbrev  0x00000000      0x4a3 C:/Program Files (x86)/Atmel/Studio/7.0/Packs/atmel/ATmega_DFP/1.7.374/gcc/dev/atmega32/avr5/crtatmega32.o
 .debug_abbrev  0x000004a3       0x89 ECUAL/Button Driver/button.o
 .debug_abbrev  0x0000052c       0xc1 ECUAL/LED Driver/LED.o
 .debug_abbrev  0x000005ed       0xc7 main.o
 .debug_abbrev  0x000006b4       0x94 MCAL/DIO Driver/dio.o
 .debug_abbrev  0x00000748       0x46 MCAL/GIE/GIE.o
 .debug_abbrev  0x0000078e       0x46 MCAL/Interrupt Driver/interrupt.o
 .debug_abbrev  0x000007d4       0x7c MCAL/Timer Driver/timer.o

.debug_line     0x00000000      0xa6c
 *(.debug_line .debug_line.* .debug_line_end)
 .debug_line    0x00000000      0x116 C:/Program Files (x86)/Atmel/Studio/7.0/Packs/atmel/ATmega_DFP/1.7.374/gcc/dev/atmega32/avr5/crtatmega32.o
 .debug_line    0x00000116       0xe7 ECUAL/Button Driver/button.o
 .debug_line    0x000001fd      0x1c4 ECUAL/LED Driver/LED.o
 .debug_line    0x000003c1      0x215 main.o
 .debug_line    0x000005d6      0x2a2 MCAL/DIO Driver/dio.o
 .debug_line    0x00000878       0x82 MCAL/GIE/GIE.o
 .debug_line    0x000008fa       0x92 MCAL/Interrupt Driver/interrupt.o
 .debug_line    0x0000098c       0xe0 MCAL/Timer Driver/timer.o

.debug_frame    0x00000000      0x20c
 *(.debug_frame)
 .debug_frame   0x00000000       0x34 ECUAL/Button Driver/button.o
 .debug_frame   0x00000034       0xa8 ECUAL/LED Driver/LED.o
 .debug_frame   0x000000dc       0x40 main.o
 .debug_frame   0x0000011c       0x54 MCAL/DIO Driver/dio.o
 .debug_frame   0x00000170       0x34 MCAL/GIE/GIE.o
 .debug_frame   0x000001a4       0x24 MCAL/Interrupt Driver/interrupt.o
 .debug_frame   0x000001c8       0x44 MCAL/Timer Driver/timer.o

.debug_str      0x00000000      0x522
 *(.debug_str)
 .debug_str     0x00000000      0x196 C:/Program Files (x86)/Atmel/Studio/7.0/Packs/atmel/ATmega_DFP/1.7.374/gcc/dev/atmega32/avr5/crtatmega32.o
 .debug_str     0x00000196      0x179 ECUAL/Button Driver/button.o
 .debug_str     0x0000030f       0xc5 ECUAL/LED Driver/LED.o
                                0x1ec (size before relaxing)
 .debug_str     0x000003d4       0x40 main.o
                                0x18f (size before relaxing)
 .debug_str     0x00000414       0x84 MCAL/DIO Driver/dio.o
                                0x1c5 (size before relaxing)
 .debug_str     0x00000498       0x1e MCAL/GIE/GIE.o
                                0x13d (size before relaxing)
 .debug_str     0x000004b6       0x25 MCAL/Interrupt Driver/interrupt.o
                                0x148 (size before relaxing)
 .debug_str     0x000004db       0x47 MCAL/Timer Driver/timer.o
                                0x17f (size before relaxing)

.debug_loc      0x00000000      0x7cd
 *(.debug_loc)
 .debug_loc     0x00000000       0xaa ECUAL/Button Driver/button.o
 .debug_loc     0x000000aa      0x304 ECUAL/LED Driver/LED.o
 .debug_loc     0x000003ae       0x2f main.o
 .debug_loc     0x000003dd      0x3a4 MCAL/DIO Driver/dio.o
 .debug_loc     0x00000781       0x4c MCAL/Timer Driver/timer.o

.debug_macinfo
 *(.debug_macinfo)

.debug_weaknames
 *(.debug_weaknames)

.debug_funcnames
 *(.debug_funcnames)

.debug_typenames
 *(.debug_typenames)

.debug_varnames
 *(.debug_varnames)

.debug_pubtypes
 *(.debug_pubtypes)

.debug_ranges   0x00000000       0xd8
 *(.debug_ranges)
 .debug_ranges  0x00000000       0x18 ECUAL/Button Driver/button.o
 .debug_ranges  0x00000018       0x38 ECUAL/LED Driver/LED.o
 .debug_ranges  0x00000050       0x18 main.o
 .debug_ranges  0x00000068       0x28 MCAL/DIO Driver/dio.o
 .debug_ranges  0x00000090       0x18 MCAL/GIE/GIE.o
 .debug_ranges  0x000000a8       0x10 MCAL/Interrupt Driver/interrupt.o
 .debug_ranges  0x000000b8       0x20 MCAL/Timer Driver/timer.o

.debug_macro
 *(.debug_macro)
OUTPUT(Traffic_Light.elf elf32-avr)
LOAD linker stubs
